
> ripe-riot@0.1.0 build
> tsc --noEmit && vite build --outDir capture/sunpatch-playful-build

vite v5.4.21 building for production...
transforming...
✓ 114 modules transformed.
rendering chunks...
computing gzip size...
capture/sunpatch-playful-build/index.html                           0.94 kB │ gzip:   0.48 kB
capture/sunpatch-playful-build/voxel-proof.html                     1.61 kB │ gzip:   0.77 kB
capture/sunpatch-playful-build/block-proof.html                     1.78 kB │ gzip:   0.84 kB
capture/sunpatch-playful-build/assets/blockProof-DOKQvBc6.css       0.49 kB │ gzip:   0.35 kB
capture/sunpatch-playful-build/assets/VoxelWorld-C5wN0gSY.css       2.69 kB │ gzip:   1.13 kB
capture/sunpatch-playful-build/assets/main-DLa6zF9N.css            17.38 kB │ gzip:   4.64 kB
capture/sunpatch-playful-build/assets/voxelProof-Cxw-RfhC.js        2.32 kB │ gzip:   1.23 kB │ map:     7.10 kB
capture/sunpatch-playful-build/assets/blockProof-Crw76ZHA.js        5.31 kB │ gzip:   2.63 kB │ map:    17.67 kB
capture/sunpatch-playful-build/assets/VoxelWorld-DLfTSWPK.js       23.43 kB │ gzip:   6.45 kB │ map:    71.54 kB
capture/sunpatch-playful-build/assets/three.module-DAoYlmEn.js    565.85 kB │ gzip: 145.34 kB │ map: 2,072.31 kB
capture/sunpatch-playful-build/assets/main-BPageJit.js          2,677.43 kB │ gzip: 969.30 kB │ map: 4,621.09 kB

(!) Some chunks are larger than 500 kB after minification. Consider:
- Using dynamic import() to code-split the application
- Use build.rollupOptions.output.manualChunks to improve chunking: https://rollupjs.org/configuration-options/#output-manualchunks
- Adjust chunk size limit for this warning via build.chunkSizeWarningLimit.
✓ built in 3.60s
