✔ new accepted remote throw arms once; its successful duplicate cannot rearm (1.3875ms)
✔ drops, denied release and legacy arbitrary bait coordinates never arm bait (0.157ms)
✔ throw provenance reaches the host instead of being relabeled as drop (0.1864ms)
✔ only current host can relay a bait cue; duplicate and invalid cues are ignored (0.3403ms)
✔ unchanged host election preserves a flight, real authority changes clear it (0.227ms)
✔ block-study worker remains one connected batched character at game scale (13.0271ms)
✔ block-study world is a small patch with batched square trees (24.5497ms)
✔ adjacent occupied cells expose ten faces and carry vertex colors, normals and sway (2.9239ms)
✔ ordinary voxel fruit preserve the unit-diameter instancing envelope (47.3188ms)
✔ distant voxel fruit keep their unit envelope with substantially fewer faces (3.369ms)
✔ joined voxel faces use one sway curve across bark and leaf colors (165.8371ms)
✔ voxel orchard trees preserve every harvest point and trunk collider (387.2423ms)
✔ orchard crown variants have distinct spreading, upright and windswept silhouettes (3.9541ms)
✔ fruit-tree archetypes read as a pruned shelf, leafy boughs and a wind-shaped crown (11.4986ms)
✔ voxel melon vine retains its single saved fruit node and ground-level sway geometry (13.0017ms)
✔ approach banana fronds remain one connected swaying plant with the old collider (23.0291ms)
✔ voxel puff bushes retain the saved fruit sockets in a compact single crown (18.5104ms)
✔ versioned worker keeps the co-op rig, four-color body palette and fitted limb contract (54.3516ms)
✔ versioned first-person gloves retain four named, vertex-colored grip meshes (2.8756ms)
✔ current player pose controller moves the fitted voxel arm and leg sections (25.9943ms)
✔ Snapjaw distinguishes bait, incoming bite and the real damage opening (0.8704ms)
✔ rescue takes priority over attacking and defeated enemies give no advice (0.1798ms)
✔ combat advice follows the phase and the tools actually owned (0.1869ms)
✔ encounter melee follows the actual solid-world obstruction result (13.2651ms)
✔ unobstructed contact applies host damage during the swing (6.3519ms)
✔ a melee defeat pays through the existing once-only callback (4.6785ms)
✔ mimic warns before charging and damages a target once per charge (3.5193ms)
✔ mimic impact stops before its body passes through the player camera (0.5035ms)
✔ mimic stops at a solid orchard rail and cannot hit through it (0.2695ms)
✔ nonlethal Mimic hit interrupts its attack with knockback and recovery (0.4183ms)
✔ snapjaw bait starts a telegraphed snap away from the player, then exposes recovery (0.1787ms)
✔ bait redirects a snapjaw warning already aimed at a nearby player (0.1419ms)
✔ snapjaw cannot be damaged outside recovery and defeat reports only once (0.1985ms)
✔ mallet contact on a closed jaw explains protection and an open mouth takes a hit (0.4489ms)
✔ a solid obstruction stops melee before health or reward changes (0.1827ms)
✔ melee reaches a nearby surface but respects its bounded reach (0.1951ms)
✔ one held melee swing cannot drain the mimic in successive fixed steps (0.2267ms)
✔ snapjaw capture deals a heavy hit and holds one victim briefly (0.3382ms)
✔ nearby teammate can rescue a captured peer, and timeout releases them (0.307ms)
✔ older network snapshots cannot revive a defeated encounter (0.34ms)
✔ client snapshot exposes the captured victim and remaining rescue window (0.22ms)
✔ spitter warns before launching one dodgeable projectile that deals 24 damage (0.4386ms)
✔ moving sideways during the spitter warning avoids its committed shot (0.2231ms)
✔ melee staggers a nearby spitter and Air Cannon defeats it from range (0.1415ms)
✔ Air Cannon can deflect a spitter shot before it reaches the player (0.2232ms)
✔ read-only strike query sees enemy silhouettes without damaging them (0.1472ms)
✔ client snapshots show the host projectile and reject an older empty volley (0.2077ms)
✔ empty-hand LMB always animates and resolves contact after windup without picking (1.13ms)
✔ carried fruit only throws on a press armed while carrying (0.7126ms)
✔ unequip and inactive state cancel unspent contacts and the buffer (0.9743ms)
✔ vine sweep warns before hitting a target, and hits that target once (2.2217ms)
✔ direct stem hits work during recovery without ropes and subdue exactly once (0.7452ms)
✔ an air strike can return the seed projectile to hurt the stem (0.6199ms)
✔ client applies newer snapshots but does not run attacks or accept local hits (0.5546ms)
✔ completed harvest reloads at its saved extraction location without holding vines (1.6755ms)
✔ completed harvest records its final transform for the next session (0.2174ms)
✔ older completed saves put the melon on the extraction pad (0.2154ms)
✔ a press starts one swing and contact waits for the visible strike (0.6048ms)
✔ an empty swing reaches recovery and then becomes ready without a target (0.1561ms)
✔ one recovery press buffers a follow-up; rapid presses before contact do not (0.1376ms)
✔ capture, carry, menu or switching can cancel contact and the buffered press (0.0749ms)
✔ mallet has separate tool and bracing hands, with palms visible in the ready pose (112.6327ms)
✔ mallet lead and support palms grip distinct shaft heights (20.8921ms)
✔ the two mallet grips read as separate hands at gameplay aspect ratios (78.0809ms)
✔ mallet sleeves leave the lower frame without showing their terminal caps through the swing (65.6356ms)
✔ each mallet forearm runs diagonally from its wrist toward its own screen edge (16.5806ms)
✔ mallet head crosses the aim area at the shared 0.18-second contact beat across screen shapes (54.9159ms)
✔ hit briefly holds the cosmetic contact pose without changing attack timing (0.4381ms)
✔ a late result cannot recoil the next swing or a swapped-away mallet (0.1944ms)
✔ viewmodel advances with every fixed simulation tick through a 0.25-second hitch (62.5184ms)
✔ viewmodel rejects a late result from an earlier swing before adding recoil (44.6885ms)
✔ host resolves one local swing and reports its identity and result (2.7799ms)
✔ host rejects replayed or spoofed remote melee and old melee hit routes (0.7731ms)
✔ client presents only a validated host result (0.4768ms)
✔ host requires an active free-handed mallet user for remote damage (0.3091ms)
✔ guardian accepts a bounded mallet-head edge contact during recovery (0.4031ms)
✔ host ledger refuses a swing when a packet falsely claims empty hands (0.155ms)
✔ one host swing can connect when a moving target enters the active window (0.2296ms)
✔ an empty active window ends with exactly one whoosh (0.1671ms)
✔ a defeating strike preserves the host result flag through the client (0.1279ms)
✔ switching tools cancels an unresolved contact without late feedback (0.18ms)
✔ melee results play distinct, restrained sounds through the audio event listener (0.9874ms)
✔ melee contact emits a brief world cue while an air swing emits none (5.0513ms)
✔ each peer gets one accepted result for each increasing swing ID (1.5124ms)
✔ a rejected fast swing cannot be replayed when the cadence gap has passed (0.2175ms)
✔ inactive swings are consumed so they cannot be replayed after recovery (0.195ms)
✔ invalid IDs and clocks never enter the replay ledger (0.2116ms)
✔ departures and host migration clear only the intended replay state (0.1013ms)
✔ melee origin must stay near the actor eye, including vertical offset (0.1922ms)
✔ reach ends at the visible surface, not the enemy centre (0.881ms)
✔ a close or inside target and one on a slope can still be struck (0.1654ms)
✔ the bounded horizontal arc can catch a side surface but not a distant flank (0.1257ms)
✔ the first reachable surface wins one swing, using current contact positions (0.1583ms)
✔ polygon Mimic has the same rooted split-shell anatomy and readable poses (12.0595ms)
✔ block Mimic has the same rooted split-shell anatomy and readable poses (10.7233ms)
✔ A/B anatomy fits the same hitbox scale while block detail stays batched (13.9467ms)
✔ idle hands rest near the hips while weight shifts above planted boots (6.4244ms)
✔ each walking swing lifts its own boot while the other stays planted (3.3069ms)
✔ torso and head briefly lag a turn and settle without changing down pose height (2.8772ms)
✔ solo player recovers after a short down and keeps unsecured haul (1.9306ms)
✔ a second solo down evacuates and forfeits unsecured haul (0.36ms)
✔ co-op revive requires continuous progress and avoids loss (0.2781ms)
✔ co-op bleedout evacuates after 15 seconds and loses haul once (0.1746ms)
✔ evacuation loses unsecured haul once and checkpoint restores health (0.1585ms)
✔ geometry rescue does not cause health or haul loss and cannot bypass downed (0.1052ms)
✔ ragdoll recovery event cannot leave a downed player active for a frame (0.0916ms)
✔ client ignores local damage but accepts explicit host attack and newer snapshots (1.0484ms)
✔ the visible objective follows cutting, falling and extraction after King Vine (0.8437ms)
WebSocket server error: Port is already in use
✔ static prop merge retains authored voxel colors and placement (2.9122ms)
WebSocket server error: Port is already in use
✔ softened structural box keeps its cuboid footprint and collider (5.5546ms)
✔ hidden cylinder core keeps exact physics without a coincident render cap (0.2277ms)
✔ Mimic victory offers an optional prize-to-cannon loop after the route update (1.3489ms)
✔ a live client Mimic transition gets the same optional cue once (0.3029ms)
✔ joining or changing hosts with Mimic already cleared does not replay its supply cue (0.1485ms)
✔ buying the cannon suppresses stale Mimic advice and teaches ranged combat plus fruit freight (0.3398ms)
✔ an already affordable cannon gets a buy cue, and cleared Spitter suppresses late supply advice (0.3573ms)
✔ separate queued guidance survives a nearby purchase and loaded saves discard pending cues (0.3987ms)
✔ a purchase near the scheduled Mimic cue leaves its equipped toast room to finish (0.1827ms)
✔ a scenario reset drops pending guidance from the prior attempt (0.155ms)
✔ shop unlock states actual discovery points and both ways to earn them (0.2518ms)
✔ automatic rush orders wait for an active crew member near orchard or dock; forced debug can start anywhere (0.8436ms)
✔ successful physical bait adds value to that fruit once, including repeated throws (1.5977ms)
✔ client presentation cannot award a local bait multiplier (0.1515ms)
✔ missing or removed fruit cannot collect a bait reward (0.0982ms)
✔ host-confirmed bait value survives promotion without fanfare, money or repeat reward (0.2513ms)
✔ a new host snapshot removes stale bait credit and accepts only live known fruit IDs (0.1494ms)
✔ capture view moves out of the jaw without changing gaze or player position (1.3206ms)
✔ capture view leaves a clear view alone and handles a centered bite (0.201ms)
✔ front and side bites keep the lens outside the authored voxel jaw (50.6917ms)
✔ every harvestable Sunpatch species has connected near and far voxel geometry (120.0721ms)
✔ world batches use voxel geometry for every species while preserving instance transforms (7.1354ms)
✔ a real flight crossing the jaw range baits once and remains available to retrieve (1.1113ms)
✔ unarmed free fruit, slow drops, overhead fruit and occluded throws cannot bait (0.1909ms)
✔ expiry, pickup and explicit reset discard a pending flight (0.1578ms)
✔ an accepted pickup disarms a flight even if a drop follows before the next fixed step (0.0694ms)
✔ another bait cannot keep restarting an already distracted warning (0.9655ms)
✔ a fruit must be thrown again to arm another flight (0.1335ms)
✔ baited warning follows that fruit across the jaws without restarting or extending its timer (0.2066ms)
✔ voxel orchard tint uses the existing ground mesh and preserves collision geometry (321.3136ms)
WebSocket server error: Port is already in use
✔ voxel dressing shapes are batched exposed-face geometry with matching wind attributes (21.7149ms)
✔ voxel route preserves seeded dressing and converts the shop approach (124.4681ms)
WebSocket server error: Port is already in use
✔ voxel gull keeps its animated pivots while giving body, face, and wings joined voxel silhouettes (24.8481ms)
✔ non-voxel mode preserves the original gull artwork (9.9036ms)
WebSocket server error: Port is already in use
✔ gum and spike shrubs have connected colored voxel surfaces with unchanged gameplay nodes (63.3929ms)
✔ voxel King Melon stays inside the legendary collider art envelope (69.995ms)
✔ voxel rind is one connected colored surface with broad stripe contrast (76.4439ms)
✔ voxel mode selects its own geometry while baseline keeps the original rind (73.8799ms)
✔ King Vine has a grounded, broad, connected guardian silhouette (55.8215ms)
✔ sweep arm reaches the existing attack lane as one lateral paddle (18.1871ms)
✔ the exposed core stays centered on the authoritative recovery hit (3.0439ms)
✔ a hinged protective leaf covers the core until recovery (2.1379ms)
✔ flying seed is a compact pointed pod centered on its projectile state (2.9246ms)
✔ one connected braided stem can reach the hanging melon at different heights (11.6114ms)
✔ voxel King Vine telegraphs and sweeps laterally before exposing its stem (84.7561ms)
✔ voxel King Vine seed originates at and follows the real projectile (33.3178ms)
✔ voxel King Vine persists subdued and a client snapshot starts settled (60.9876ms)
✔ voxel holding vine uses its real tube radius and has hard, readable bands (5.3802ms)
✔ only world-to-legendary holding vines get the voxel art and cuts remove their mesh (2.473ms)
✔ extraction border geometry has gaps and stays inside the original pad (1.1502ms)
✔ border follows pad phase visibility and its resources are released on disposal (2.739ms)
✔ detailed upper and lower rind keep the hinged Mimic scale with finer stepped surfaces (28.3425ms)
✔ shell cut has distinct rind, rib, flesh, and throat roles for an open mouth (9.1907ms)
✔ throat, teeth, stem, and eyes align with the current split-shell landmarks (5.1069ms)
✔ warning eyes seat into the upper rind instead of floating ahead of it (24.1429ms)
✔ root pieces retain the animated segment and planted foot scale with shaped surfaces (2.5792ms)
✔ each orchard habit keeps foliage near low saved fruit without bloating the batched mesh (526.398ms)
WebSocket server error: Port is already in use
✔ voxel pilot uses the same fruit-tree kit in orchard, hill farm and cave orchard (234.3856ms)
✔ baseline mode keeps the orchard tree on its existing geometry path (6.1889ms)
✔ hill and cave fruit trees retain seeded gameplay nodes and RNG across art modes (74.2951ms)
✔ fruit pilot swaps only the ordinary species within existing instanced batches (45.7821ms)
✔ small voxel coconuts use a connected, restrained near mesh (0.1771ms)
✔ distant coconuts leave the near batch while aimed coconuts regain detail (2.0898ms)
✔ distant ordinary fruit use one cheaper batch per species and retain instance effects (1.707ms)
✔ first-island route converts melon vines in Old Orchard and Hill Farm (10.7263ms)
✔ voxel pilot keeps collider-bearing approach bananas and omits only the colliderless puff bush (0.2157ms)
✔ hidden colliderless puff consumes the usual RNG while voxel banana retains its trunk collider (18.256ms)
WebSocket server error: Port is already in use
✔ voxel mode gives route palms a curved trunk and broad crown without moving coconuts or collision (47.4561ms)
WebSocket server error: Port is already in use
✔ palm fronds read as broad overhead crowns without hanging comb tips (46.463ms)
✔ palm variants have distinct sheltered and cascading crown silhouettes (4.8512ms)
✔ palm trunk tapers through the swept mid-height cross-section (1.349ms)
✔ palm frond fans leave readable gaps around the middle canopy (3.8755ms)
✔ scenery boulder keeps a connected stepped outline on a coarse grid (7.9292ms)
✔ scenery boulder can change its silhouette without changing the original ball collider (3.9617ms)
✔ voxel Snapjaw base and both leaf jaws are connected, visible-scale surfaces (65.7308ms)
✔ voxel-only poses open for recovery, react to a hit, then remain wilted after defeat (49.0037ms)
✔ a visual created from a defeated snapshot starts settled; polygon baseline still vanishes (52.2433ms)
✔ exposed seed is saturated amber against ivory fangs (1.9887ms)
✔ recovery reveals a recessed seed with restrained light and size (38.2835ms)
WebSocket server error: Port is already in use
✔ Spitter hill dressing uses voxel batches while retaining seeded clearances (160.0074ms)
✔ all Boulder Plum nests get voxel art with identical sockets and collider (22.8639ms)
✔ rooted Spitter base is one planted stalk at encounter scale (18.5541ms)
✔ pressure bulb sits behind the forward launching aperture (4.8629ms)
✔ lateral leaves add a clear silhouette while pod stays within hit tolerance (6.6538ms)
✔ voxel Spitter visibly braces, fires, relaxes, and reacts to a hit (36.6178ms)
✔ voxel Spitter remains wilted after defeat, including a loaded snapshot (39.5159ms)
✔ voxel seed pod visual follows the authoritative projectile position (1.532ms)
✔ voxel ferry hull is one hollow, seat-sized silhouette (4.6864ms)
✔ voxel route carpentry keeps playable landmark and collider positions (487.0446ms)
✔ worker reads as one connected voxel body at the established character scale (9.0177ms)
✔ orchard proof is a compact batched terrain patch with attached voxel trees (21.4555ms)
WebSocket server error: Port is already in use
✔ voxel mallet keeps its striking head above a grippable shaft in the approved viewmodel envelope (21.6383ms)
✔ voxel Air Cannon fits two hand grips and keeps the forward bore open (28.1394ms)
✔ normal launch uses the finished voxel direction with an explicit baseline diagnostic (0.7187ms)
✔ Mimic comparison keeps its established A/B presentation (0.1448ms)
WebSocket server error: Port is already in use
✔ voxel reel rim is a single coarse loop in the existing diameter (5.0176ms)
✔ voxel reel drum is one solid coarse core under the original cylinder collider (5.1833ms)
✔ voxel worksite restyle preserves all three signs and the solid route footprint (65.8726ms)
✔ worker GLB has a single skinned connected-body object and stable bone/material contract (39.11ms)
✔ each tool/carry glove exports as one connected object with merge-ready attributes (3.4592ms)
✔ connected tool gloves clone and transform without mutating shared source (63.9022ms)
✔ all existing tool IDs assemble with authored gloves and dispose their geometry (26.1818ms)
✔ left and right carry gloves have independent cupped geometry (1.1895ms)
✔ two-bone target reaches ordinary wrist and ankle targets with a stable pole (0.6631ms)
✔ two-bone target clamps too-far and folded goals without NaNs or pole flips (0.1562ms)
✔ corrupt worker data leaves a visible diagnostic fallback (24.8015ms)
✔ parseable worker data missing a required bone rejects before posing (25.8949ms)
✔ loaded worker clones share geometry but own palette materials and release them (21.4492ms)
✔ active gait bends elbows and knees as well as shoulders and hips (4.1484ms)
✔ tilted and crossed ragdoll targets leave every bone transform finite (3.8828ms)
ℹ tests 219
ℹ suites 0
ℹ pass 219
ℹ fail 0
ℹ cancelled 0
ℹ skipped 0
ℹ todo 0
ℹ duration_ms 10131.3245
