✔ new accepted remote throw arms once; its successful duplicate cannot rearm (1.9285ms)
✔ drops, denied release and legacy arbitrary bait coordinates never arm bait (0.1974ms)
✔ throw provenance reaches the host instead of being relabeled as drop (0.2004ms)
✔ only current host can relay a bait cue; duplicate and invalid cues are ignored (0.3111ms)
✔ unchanged host election preserves a flight, real authority changes clear it (0.1531ms)
✔ block-study worker remains one connected batched character at game scale (11.5929ms)
✔ block-study world is a small patch with batched square trees (23.4532ms)
✔ King Melon extraction asks for a real dock return without claiming a second island (1.0281ms)
✔ only an explicit dock interaction settles once, saves results and leaves the bank unchanged (0.3408ms)
✔ old extracted saves migrate to return phase and silently restore defeated encounters (0.6547ms)
✔ saved King Vine victory remains subdued after reload without paying or emitting a new win (0.1244ms)
✔ client dock action requests the host; live settled snapshot opens results but joined state does not (0.36ms)
✔ adjacent occupied cells expose ten faces and carry vertex colors, normals and sway (2.3538ms)
✔ ordinary voxel fruit preserve the unit-diameter instancing envelope (46.2132ms)
✔ distant voxel fruit keep their unit envelope with substantially fewer faces (2.9119ms)
✔ joined voxel faces use one sway curve across bark and leaf colors (165.4211ms)
✔ voxel orchard trees preserve every harvest point and trunk collider (388.2314ms)
✔ orchard crown variants have distinct spreading, upright and windswept silhouettes (3.9192ms)
✔ fruit-tree archetypes read as a pruned shelf, leafy boughs and a wind-shaped crown (11.8823ms)
✔ voxel melon vine retains its single saved fruit node and ground-level sway geometry (16.979ms)
✔ approach banana fronds remain one connected swaying plant with the old collider (23.2764ms)
✔ voxel puff bushes retain the saved fruit sockets in a compact single crown (13.7725ms)
✔ versioned worker keeps the co-op rig, four-color body palette and fitted limb contract (49.606ms)
✔ versioned first-person gloves retain four named, vertex-colored grip meshes (3.5829ms)
✔ current player pose controller moves the fitted voxel arm and leg sections (27.812ms)
✔ resting at the dock restores health without spending money or repeating its cue (1.1982ms)
✔ running, distant terrain and being downed do not provide free field healing (0.5841ms)
✔ Snapjaw distinguishes bait, incoming bite and the real damage opening (0.7134ms)
✔ rescue takes priority over attacking and defeated enemies give no advice (0.1694ms)
✔ combat advice follows the phase and the tools actually owned (0.1131ms)
✔ encounter melee follows the actual solid-world obstruction result (15.2424ms)
✔ unobstructed contact applies host damage during the swing (6.7198ms)
✔ a melee defeat pays through the existing once-only callback (4.2649ms)
✔ leaving co-op discards stale remote protection and restores the solo actor (5.5509ms)
✔ actual nearby attack and recovery phases ask for existing trouble music (0.884ms)
✔ proximity alone, dormant, returning, defeated, far or safe-dock enemies stay out of combat music (0.2146ms)
✔ King Vine danger counts nearby but an idle/subdued/distant guardian does not (0.1848ms)
✔ mimic warns before charging and damages a target once per charge (3.6667ms)
✔ mimic impact stops before its body passes through the player camera (0.3115ms)
✔ mimic stops at a solid orchard rail and cannot hit through it (0.2371ms)
✔ nonlethal Mimic hit interrupts its attack with knockback and recovery (0.4413ms)
✔ snapjaw bait starts a telegraphed snap away from the player, then exposes recovery (0.264ms)
✔ bait redirects a snapjaw warning already aimed at a nearby player (0.2002ms)
✔ snapjaw cannot be damaged outside recovery and defeat reports only once (0.2409ms)
✔ mallet contact on a closed jaw explains protection and an open mouth takes a hit (0.4488ms)
✔ a solid obstruction stops melee before health or reward changes (0.2786ms)
✔ melee reaches a nearby surface but respects its bounded reach (0.2136ms)
✔ one held melee swing cannot drain the mimic in successive fixed steps (0.1803ms)
✔ snapjaw capture deals a heavy hit and holds one victim briefly (0.1969ms)
✔ nearby teammate can rescue a captured peer, and timeout releases them (0.3119ms)
✔ older network snapshots cannot revive a defeated encounter (0.2988ms)
✔ client snapshot exposes the captured victim and remaining rescue window (0.1137ms)
✔ spitter warns before launching one dodgeable projectile that deals 24 damage (0.4492ms)
✔ moving sideways during the spitter warning avoids its committed shot (0.2701ms)
✔ melee staggers a nearby spitter and Air Cannon defeats it from range (0.1344ms)
✔ Air Cannon can deflect a spitter shot before it reaches the player (0.1914ms)
✔ read-only strike query sees enemy silhouettes without damaging them (0.1263ms)
✔ client snapshots show the host projectile and reject an older empty volley (0.1785ms)
✔ an orchard warning cannot claim attached fruit or displace existing cargo (1.6847ms)
✔ settlement requires a present active player at the dock and retains host idempotency (0.7208ms)
✔ remote cuts require finite aim and forward it to the authoritative reach check (0.308ms)
✔ a warned harvest reconciles quietly and sends its warning without waiting for a periodic snapshot (0.4771ms)
✔ host snapshots silently mirror expedition counters, including downward corrections (0.9228ms)
✔ missing or malformed expedition counters preserve the last valid host values (0.231ms)
✔ actual Rapier world wall blocks seed acquisition and an in-flight swept seed (19.2147ms)
✔ authored Mimic stays dormant near ordinary harvest until its site activates (1.458ms)
✔ abandoned Mimic returns inside its local site without healing (1.4842ms)
✔ solid cover prevents Spitter acquisition and blocks an already flying seed before damage (0.5115ms)
✔ air reflection preserves a moving seed and only damages Spitter on its return collision (0.4321ms)
✔ saved clear restoration is silent, permanent and cannot reactivate Mimic (0.7477ms)
✔ route grading preserves the suspended melon floor, drop and landing basin (1.4675ms)
✔ a slow-cut ridge landing has a broad walking approach from the existing farm (21.1371ms)
✔ the painted orchard-to-farm approach stays below the player climb limit across walking width (1.7237ms)
✔ both lower ravine walkouts still connect to safe ground after grading the rim road (3.6896ms)
✔ the marked hill-to-ravine path is walkable in both directions (3.5251ms)
✔ empty-hand LMB always animates and resolves contact after windup without picking (1.3322ms)
✔ carried fruit only throws on a press armed while carrying (0.6971ms)
✔ unequip and inactive state cancel unspent contacts and the buffer (0.279ms)
✔ denied site disturbance leaves every physical stem attached (0.7242ms)
✔ a multi-fruit shake checks the authored gate once and still releases approved fruit (0.2728ms)
✔ restoring an existing loose prize replaces its body without leaving an orphan collider (0.8197ms)
✔ dormant Mimic remains hidden after the existing rig updates; activation reveals it (41.2272ms)
✔ ordinary apples remain allowed; authored crop warns before a distinct second action (1.3889ms)
✔ site save/migration retains released and consumed prizes without replaying activation (0.2513ms)
✔ malformed saves cannot inject arbitrary fruit IDs or skip a site from invalid phases (0.103ms)
✔ default King Vine has ground-level starter-mallet access on every side of the worksite (10.8716ms)
✔ solo guardian waits for an active player whose recovery grace has ended (0.9955ms)
✔ vine sweep warns before hitting a target, and hits that target once (1.2223ms)
✔ direct stem hits work during recovery without ropes and subdue exactly once (0.5194ms)
✔ an air strike can return the seed projectile to hurt the stem (0.5677ms)
✔ client applies newer snapshots but does not run attacks or accept local hits (0.304ms)
✔ a saved subdued King Vine restores silently and stays down until explicit reset (0.2414ms)
✔ all four physical holding vines have cut points reachable from actual staging terrain (2.1448ms)
✔ root ties require close, aimed, unobstructed contact and remaining vine identity (0.8985ms)
✔ remote raw vine indices do not bypass aim, reach and authority checks (0.3361ms)
✔ extraction requires continuous settled contact rather than accumulated visits (14.0416ms)
✔ drop still settles outside the extraction area while payout uses its own dwell (0.3742ms)
✔ a settled mostly submerged melon fails fairly and regrows on game time (0.4018ms)
✔ a client promoted from a failed snapshot retries once without reviving the guardian or paying (1.122ms)
✔ a wet moving melon and a low dry landing do not count as a lost harvest (0.2207ms)
✔ a high ridge landing explains the marked walking recovery once (0.2855ms)
✔ leaving vine cutting clears the last aimed tie prompt (0.1836ms)
✔ receiving marks follow actual apron terrain instead of vanishing under ravine walls (21.9732ms)
✔ completed harvest reloads at its saved extraction location without holding vines (1.7046ms)
✔ completed harvest records its final transform for the next session (0.2421ms)
✔ older completed saves put the melon on the extraction pad (0.1729ms)
✔ late joining an already completed harvest mirrors the world without replaying cuts or victory (0.3654ms)
✔ a live remote extraction still celebrates once (13.0035ms)
✔ a press starts one swing and contact waits for the visible strike (0.6147ms)
✔ an empty swing reaches recovery and then becomes ready without a target (0.1676ms)
✔ one recovery press buffers a follow-up; rapid presses before contact do not (0.0895ms)
✔ capture, carry, menu or switching can cancel contact and the buffered press (0.0613ms)
✔ mallet has separate tool and bracing hands, with palms visible in the ready pose (104.1732ms)
✔ mallet lead and support palms grip distinct shaft heights (18.1955ms)
✔ the two mallet grips read as separate hands at gameplay aspect ratios (72.6481ms)
✔ mallet sleeves leave the lower frame without showing their terminal caps through the swing (50.1237ms)
✔ each mallet forearm runs diagonally from its wrist toward its own screen edge (14.8622ms)
✔ mallet head crosses the aim area at the shared 0.18-second contact beat across screen shapes (52.9402ms)
✔ hit briefly holds the cosmetic contact pose without changing attack timing (0.8463ms)
✔ a late result cannot recoil the next swing or a swapped-away mallet (0.2121ms)
✔ viewmodel advances with every fixed simulation tick through a 0.25-second hitch (68.7824ms)
✔ viewmodel rejects a late result from an earlier swing before adding recoil (40.6293ms)
✔ host resolves one local swing and reports its identity and result (1.8917ms)
✔ host rejects replayed or spoofed remote melee and old melee hit routes (0.8603ms)
✔ client presents only a validated host result (0.4615ms)
✔ host requires an active free-handed mallet user for remote damage (0.4167ms)
✔ guardian accepts a bounded mallet-head edge contact during recovery (0.5154ms)
✔ host ledger refuses a swing when a packet falsely claims empty hands (0.1841ms)
✔ one host swing can connect when a moving target enters the active window (0.3445ms)
✔ an empty active window ends with exactly one whoosh (0.2499ms)
✔ a defeating strike preserves the host result flag through the client (0.1964ms)
✔ switching tools cancels an unresolved contact without late feedback (0.2614ms)
✔ melee results play distinct, restrained sounds through the audio event listener (1.0584ms)
✔ melee contact emits a brief world cue while an air swing emits none (4.3089ms)
✔ each peer gets one accepted result for each increasing swing ID (1.3287ms)
✔ a rejected fast swing cannot be replayed when the cadence gap has passed (0.1831ms)
✔ inactive swings are consumed so they cannot be replayed after recovery (0.1312ms)
✔ invalid IDs and clocks never enter the replay ledger (0.1457ms)
✔ departures and host migration clear only the intended replay state (0.1103ms)
✔ melee origin must stay near the actor eye, including vertical offset (0.3767ms)
✔ reach ends at the visible surface, not the enemy centre (0.7961ms)
✔ a close or inside target and one on a slope can still be struck (0.2133ms)
✔ the bounded horizontal arc can catch a side surface but not a distant flank (0.1185ms)
✔ the first reachable surface wins one swing, using current contact positions (0.1078ms)
✔ visible receiver arrests a real 2600kg sphere inside the unchanged extraction volume (517.4677ms)
✔ the existing east walkout has player clearance beneath the catch rails (188.2103ms)
✔ polygon Mimic has the same rooted split-shell anatomy and readable poses (9.2843ms)
✔ block Mimic has the same rooted split-shell anatomy and readable poses (8.3333ms)
✔ A/B anatomy fits the same hitbox scale while block detail stays batched (8.4688ms)
✔ idle hands rest near the hips while weight shifts above planted boots (5.8661ms)
✔ each walking swing lifts its own boot while the other stays planted (5.6488ms)
✔ torso and head briefly lag a turn and settle without changing down pose height (2.24ms)
✔ solo player recovers after a short down and keeps unsecured haul (1.2123ms)
✔ a second solo down evacuates and forfeits unsecured haul (0.1674ms)
✔ co-op revive requires continuous progress and avoids loss (0.1371ms)
✔ co-op bleedout evacuates after 15 seconds and loses haul once (0.0874ms)
✔ evacuation loses unsecured haul once and checkpoint restores health (0.0939ms)
✔ geometry rescue does not cause health or haul loss and cannot bypass downed (0.0826ms)
✔ ragdoll recovery event cannot leave a downed player active for a frame (0.0622ms)
✔ client ignores local damage but accepts explicit host attack and newer snapshots (0.9186ms)
✔ revival gives two seconds to move clear before another damaging hit (0.247ms)
✔ checkpoint recovery is protected and mirrored recovery cannot replay an ignored old attack (0.2586ms)
✔ the visible objective follows cutting, falling and extraction after King Vine (0.7546ms)
✔ static prop merge retains authored voxel colors and placement (2.9215ms)
WebSocket server error: Port is already in use
✔ softened structural box keeps its cuboid footprint and collider (6.568ms)
✔ hidden cylinder core keeps exact physics without a coincident render cap (0.319ms)
✔ Mimic victory offers an optional prize-to-cannon loop after the route update (1.7284ms)
✔ a live client Mimic transition gets the same optional cue once (0.4294ms)
✔ joining or changing hosts with Mimic already cleared does not replay its supply cue (0.2137ms)
✔ buying the cannon suppresses stale Mimic advice and teaches ranged combat plus fruit freight (0.3796ms)
✔ an already affordable cannon gets a buy cue, and cleared Spitter suppresses late supply advice (0.3223ms)
✔ separate queued guidance survives a nearby purchase and loaded saves discard pending cues (0.379ms)
✔ a purchase near the scheduled Mimic cue leaves its equipped toast room to finish (0.1433ms)
✔ a scenario reset drops pending guidance from the prior attempt (0.1024ms)
✔ shop unlock states actual discovery points and both ways to earn them (0.3159ms)
✔ automatic rush orders wait for an active crew member near orchard or dock; forced debug can start anywhere (0.8035ms)
✔ legacy auto save remains the default continue slot (1.5774ms)
✔ diagnostic fresh boots cannot auto-write the primary slot, but explicit fixture saves work (0.2681ms)
✔ new replay is a unique active slot and never replaces auto or an earlier replay (0.509ms)
✔ a solo title or pause menu does not count playtime or autosave (0.1342ms)
✔ closing a first-visit title does not create a fake Continue save (0.1589ms)
✔ successful physical bait adds value to that fruit once, including repeated throws (1.62ms)
✔ client presentation cannot award a local bait multiplier (0.166ms)
✔ missing or removed fruit cannot collect a bait reward (0.0898ms)
✔ host-confirmed bait value survives promotion without fanfare, money or repeat reward (0.2147ms)
✔ a new host snapshot removes stale bait credit and accepts only live known fruit IDs (0.1316ms)
✔ capture view moves out of the jaw without changing gaze or player position (1.6605ms)
✔ capture view leaves a clear view alone and handles a centered bite (0.2093ms)
✔ front and side bites keep the lens outside the authored voxel jaw (49.1759ms)
✔ every harvestable Sunpatch species has connected near and far voxel geometry (134.3822ms)
✔ world batches use voxel geometry for every species while preserving instance transforms (6.8305ms)
✔ a real flight crossing the jaw range baits once and remains available to retrieve (0.8428ms)
✔ unarmed free fruit, slow drops, overhead fruit and occluded throws cannot bait (0.1993ms)
✔ expiry, pickup and explicit reset discard a pending flight (0.6578ms)
✔ an accepted pickup disarms a flight even if a drop follows before the next fixed step (0.0944ms)
✔ another bait cannot keep restarting an already distracted warning (0.7525ms)
✔ a fruit must be thrown again to arm another flight (0.1826ms)
✔ baited warning follows that fruit across the jaws without restarting or extending its timer (0.2124ms)
✔ voxel orchard tint uses the existing ground mesh and preserves collision geometry (287.1029ms)
WebSocket server error: Port is already in use
✔ voxel dressing shapes are batched exposed-face geometry with matching wind attributes (20.8554ms)
✔ voxel route preserves seeded dressing and converts the shop approach (125.9387ms)
WebSocket server error: Port is already in use
✔ voxel gull keeps its animated pivots while giving body, face, and wings joined voxel silhouettes (24.7159ms)
✔ non-voxel mode preserves the original gull artwork (10.4204ms)
WebSocket server error: Port is already in use
✔ gum and spike shrubs have connected colored voxel surfaces with unchanged gameplay nodes (72.8068ms)
✔ voxel King Melon stays inside the legendary collider art envelope (69.2591ms)
✔ voxel rind is one connected colored surface with broad stripe contrast (77.9416ms)
✔ voxel mode selects its own geometry while baseline keeps the original rind (72.906ms)
✔ King Vine has a grounded, broad, connected guardian silhouette (58.1876ms)
✔ sweep arm reaches the existing attack lane as one lateral paddle (16.9597ms)
✔ the exposed core stays centered on the authoritative recovery hit (3.89ms)
✔ a hinged protective leaf covers the core until recovery (1.7182ms)
✔ flying seed is a compact pointed pod centered on its projectile state (3.4729ms)
✔ one connected braided stem can reach the hanging melon at different heights (11.1292ms)
✔ voxel King Vine telegraphs and sweeps laterally before exposing its stem (104.5435ms)
✔ voxel King Vine seed originates at and follows the real projectile (47.3334ms)
✔ voxel King Vine persists subdued and a client snapshot starts settled (90.4337ms)
✔ voxel holding vine uses its real tube radius and has hard, readable bands (4.9821ms)
✔ only world-to-legendary holding vines get the voxel art and cuts remove their mesh (1.1087ms)
✔ extraction border geometry has gaps and stays inside the original pad (0.9586ms)
✔ border follows pad phase visibility and its resources are released on disposal (2.3917ms)
✔ detailed upper and lower rind keep the hinged Mimic scale with finer stepped surfaces (29.7549ms)
✔ shell cut has distinct rind, rib, flesh, and throat roles for an open mouth (8.6463ms)
✔ throat, teeth, stem, and eyes align with the current split-shell landmarks (4.194ms)
✔ warning eyes seat into the upper rind instead of floating ahead of it (23.4007ms)
✔ root pieces retain the animated segment and planted foot scale with shaped surfaces (2.0152ms)
✔ each orchard habit keeps foliage near low saved fruit without bloating the batched mesh (488.7741ms)
WebSocket server error: Port is already in use
✔ voxel pilot uses the same fruit-tree kit in orchard, hill farm and cave orchard (231.6642ms)
✔ baseline mode keeps the orchard tree on its existing geometry path (5.8821ms)
✔ hill and cave fruit trees retain seeded gameplay nodes and RNG across art modes (59.7023ms)
✔ fruit pilot swaps only the ordinary species within existing instanced batches (42.8745ms)
✔ small voxel coconuts use a connected, restrained near mesh (0.2071ms)
✔ distant coconuts leave the near batch while aimed coconuts regain detail (1.6481ms)
✔ distant ordinary fruit use one cheaper batch per species and retain instance effects (1.5146ms)
✔ first-island route converts melon vines in Old Orchard and Hill Farm (12.8948ms)
✔ voxel pilot keeps collider-bearing approach bananas and omits only the colliderless puff bush (0.5507ms)
✔ hidden colliderless puff consumes the usual RNG while voxel banana retains its trunk collider (18.2297ms)
WebSocket server error: Port is already in use
✔ voxel mode gives route palms a curved trunk and broad crown without moving coconuts or collision (42.586ms)
WebSocket server error: Port is already in use
✔ palm fronds read as broad overhead crowns without hanging comb tips (44.9515ms)
✔ palm variants have distinct sheltered and cascading crown silhouettes (3.6553ms)
✔ palm trunk tapers through the swept mid-height cross-section (1.243ms)
✔ palm frond fans leave readable gaps around the middle canopy (3.9894ms)
✔ scenery boulder keeps a connected stepped outline on a coarse grid (7.4508ms)
✔ scenery boulder can change its silhouette without changing the original ball collider (3.3688ms)
✔ voxel Snapjaw base and both leaf jaws are connected, visible-scale surfaces (54.9462ms)
✔ voxel-only poses open for recovery, react to a hit, then remain wilted after defeat (44.779ms)
✔ a visual created from a defeated snapshot starts settled; polygon baseline still vanishes (51.3279ms)
✔ exposed seed is saturated amber against ivory fangs (1.4925ms)
✔ recovery reveals a recessed seed with restrained light and size (32.905ms)
WebSocket server error: Port is already in use
✔ Spitter hill dressing uses voxel batches while retaining seeded clearances (138.6252ms)
✔ all Boulder Plum nests get voxel art with identical sockets and collider (18.2538ms)
✔ rooted Spitter base is one planted stalk at encounter scale (23.9867ms)
✔ pressure bulb sits behind the forward launching aperture (7.3442ms)
✔ lateral leaves add a clear silhouette while pod stays within hit tolerance (11.3247ms)
✔ voxel Spitter visibly braces, fires, relaxes, and reacts to a hit (38.684ms)
✔ voxel Spitter remains wilted after defeat, including a loaded snapshot (30.1565ms)
✔ voxel seed pod visual follows the authoritative projectile position (1.6167ms)
WebSocket server error: Port is already in use
✔ voxel ferry hull is one hollow, seat-sized silhouette (9.1962ms)
✔ voxel route carpentry keeps playable landmark and collider positions (550.5391ms)
✔ worker reads as one connected voxel body at the established character scale (10.0308ms)
✔ orchard proof is a compact batched terrain patch with attached voxel trees (19.7107ms)
✔ voxel mallet keeps its striking head above a grippable shaft in the approved viewmodel envelope (21.6163ms)
✔ voxel Air Cannon fits two hand grips and keeps the forward bore open (35.9152ms)
✔ normal launch uses the finished voxel direction with an explicit baseline diagnostic (0.7297ms)
✔ Mimic comparison keeps its established A/B presentation (0.3996ms)
✔ voxel reel rim is a single coarse loop in the existing diameter (5.1589ms)
✔ voxel reel drum is one solid coarse core under the original cylinder collider (7.2608ms)
✔ voxel worksite restyle preserves all three signs and the solid route footprint (73.3941ms)
✔ worker GLB has a single skinned connected-body object and stable bone/material contract (56.5232ms)
✔ each tool/carry glove exports as one connected object with merge-ready attributes (4.5165ms)
✔ connected tool gloves clone and transform without mutating shared source (64.0873ms)
✔ all existing tool IDs assemble with authored gloves and dispose their geometry (40.3956ms)
✔ left and right carry gloves have independent cupped geometry (0.8945ms)
✔ two-bone target reaches ordinary wrist and ankle targets with a stable pole (1.168ms)
✔ two-bone target clamps too-far and folded goals without NaNs or pole flips (0.3806ms)
✔ corrupt worker data leaves a visible diagnostic fallback (23.5037ms)
✔ parseable worker data missing a required bone rejects before posing (25.8674ms)
✔ loaded worker clones share geometry but own palette materials and release them (21.9543ms)
✔ active gait bends elbows and knees as well as shoulders and hips (4.8087ms)
✔ tilted and crossed ragdoll targets leave every bone transform finite (3.8574ms)
ℹ tests 279
ℹ suites 0
ℹ pass 279
ℹ fail 0
ℹ cancelled 0
ℹ skipped 0
ℹ todo 0
ℹ duration_ms 11299.9216
