
> ripe-riot@0.1.0 build
> tsc --noEmit && vite build

vite v5.4.21 building for production...
transforming...
✓ 112 modules transformed.
rendering chunks...
computing gzip size...
dist/index.html                           0.94 kB │ gzip:   0.48 kB
dist/voxel-proof.html                     1.61 kB │ gzip:   0.77 kB
dist/block-proof.html                     1.78 kB │ gzip:   0.84 kB
dist/assets/blockProof-DOKQvBc6.css       0.49 kB │ gzip:   0.35 kB
dist/assets/VoxelWorld-C5wN0gSY.css       2.69 kB │ gzip:   1.13 kB
dist/assets/main-CdugFXzO.css            16.49 kB │ gzip:   4.47 kB
dist/assets/voxelProof-Cxw-RfhC.js        2.32 kB │ gzip:   1.23 kB │ map:     7.10 kB
dist/assets/blockProof-Crw76ZHA.js        5.31 kB │ gzip:   2.63 kB │ map:    17.67 kB
dist/assets/VoxelWorld-DLfTSWPK.js       23.43 kB │ gzip:   6.45 kB │ map:    71.53 kB
dist/assets/three.module-DAoYlmEn.js    565.85 kB │ gzip: 145.34 kB │ map: 2,072.31 kB
dist/assets/main-DXeKQSp9.js          2,667.73 kB │ gzip: 965.99 kB │ map: 4,590.12 kB

(!) Some chunks are larger than 500 kB after minification. Consider:
- Using dynamic import() to code-split the application
- Use build.rollupOptions.output.manualChunks to improve chunking: https://rollupjs.org/configuration-options/#output-manualchunks
- Adjust chunk size limit for this warning via build.chunkSizeWarningLimit.
✓ built in 10.11s
