✔ block-study worker remains one connected batched character at game scale (9.3314ms)
✔ block-study world is a small patch with batched square trees (21.0579ms)
✔ adjacent occupied cells expose ten faces and carry vertex colors, normals and sway (1.5272ms)
✔ ordinary voxel fruit preserve the unit-diameter instancing envelope (41.1726ms)
✔ distant voxel fruit keep their unit envelope with substantially fewer faces (2.4006ms)
✔ joined voxel faces use one sway curve across bark and leaf colors (125.9669ms)
✔ voxel orchard trees preserve every harvest point and trunk collider (312.0313ms)
✔ orchard crown variants have distinct spreading, upright and windswept silhouettes (3.3886ms)
✔ fruit-tree archetypes read as a pruned shelf, leafy boughs and a wind-shaped crown (10.2805ms)
✔ voxel melon vine retains its single saved fruit node and ground-level sway geometry (10.3052ms)
✔ approach banana fronds remain one connected swaying plant with the old collider (14.2046ms)
✔ voxel puff bushes retain the saved fruit sockets in a compact single crown (9.5849ms)
✔ versioned worker keeps the co-op rig, four-color body palette and fitted limb contract (40.3497ms)
✔ versioned first-person gloves retain four named, vertex-colored grip meshes (3.2469ms)
✔ current player pose controller moves the fitted voxel arm and leg sections (20.3831ms)
✔ encounter melee follows the actual solid-world obstruction result (11.4757ms)
✔ unobstructed contact applies host damage during the swing (5.0455ms)
✔ a melee defeat pays through the existing once-only callback (3.7376ms)
✔ mimic warns before charging and damages a target once per charge (2.5034ms)
✔ mimic impact stops before its body passes through the player camera (0.288ms)
✔ mimic stops at a solid orchard rail and cannot hit through it (0.179ms)
✔ nonlethal Mimic hit interrupts its attack with knockback and recovery (0.3225ms)
✔ snapjaw bait starts a telegraphed snap away from the player, then exposes recovery (0.2737ms)
✔ bait redirects a snapjaw warning already aimed at a nearby player (0.148ms)
✔ snapjaw cannot be damaged outside recovery and defeat reports only once (0.2043ms)
✔ mallet contact on a closed jaw explains protection and an open mouth takes a hit (0.4608ms)
✔ a solid obstruction stops melee before health or reward changes (0.1992ms)
✔ melee reaches a nearby surface but respects its bounded reach (0.2166ms)
✔ one held melee swing cannot drain the mimic in successive fixed steps (0.2044ms)
✔ snapjaw capture deals a heavy hit and holds one victim briefly (0.1539ms)
✔ nearby teammate can rescue a captured peer, and timeout releases them (0.2119ms)
✔ older network snapshots cannot revive a defeated encounter (0.2331ms)
✔ client snapshot exposes the captured victim and remaining rescue window (0.0959ms)
✔ spitter warns before launching one dodgeable projectile that deals 24 damage (0.2239ms)
✔ moving sideways during the spitter warning avoids its committed shot (0.1886ms)
✔ melee staggers a nearby spitter and Air Cannon defeats it from range (0.1182ms)
✔ Air Cannon can deflect a spitter shot before it reaches the player (0.3029ms)
✔ read-only strike query sees enemy silhouettes without damaging them (0.1429ms)
✔ client snapshots show the host projectile and reject an older empty volley (0.2025ms)
✔ empty-hand LMB always animates and resolves contact after windup without picking (2.0462ms)
✔ carried fruit only throws on a press armed while carrying (0.7553ms)
✔ unequip and inactive state cancel unspent contacts and the buffer (0.1783ms)
✔ vine sweep warns before hitting a target, and hits that target once (1.4787ms)
✔ direct stem hits work during recovery without ropes and subdue exactly once (0.4404ms)
✔ an air strike can return the seed projectile to hurt the stem (0.3209ms)
✔ client applies newer snapshots but does not run attacks or accept local hits (0.2104ms)
✔ completed harvest reloads at its saved extraction location without holding vines (1.53ms)
✔ completed harvest records its final transform for the next session (0.2313ms)
✔ older completed saves put the melon on the extraction pad (0.1744ms)
✔ a press starts one swing and contact waits for the visible strike (0.7965ms)
✔ an empty swing reaches recovery and then becomes ready without a target (0.1246ms)
✔ one recovery press buffers a follow-up; rapid presses before contact do not (0.0736ms)
✔ capture, carry, menu or switching can cancel contact and the buffered press (0.0639ms)
✔ mallet has separate tool and bracing hands, with palms visible in the ready pose (85.0081ms)
✔ mallet lead and support palms grip distinct shaft heights (16.3739ms)
✔ the two mallet grips read as separate hands at gameplay aspect ratios (64.412ms)
✔ mallet sleeves leave the lower frame without showing their terminal caps through the swing (46.4205ms)
✔ each mallet forearm runs diagonally from its wrist toward its own screen edge (15.238ms)
✔ mallet head crosses the aim area at the shared 0.18-second contact beat across screen shapes (43.5169ms)
✔ hit briefly holds the cosmetic contact pose without changing attack timing (0.3451ms)
✔ a late result cannot recoil the next swing or a swapped-away mallet (0.2076ms)
✔ viewmodel advances with every fixed simulation tick through a 0.25-second hitch (62.8206ms)
✔ viewmodel rejects a late result from an earlier swing before adding recoil (40.8323ms)
✔ host resolves one local swing and reports its identity and result (1.6312ms)
✔ host rejects replayed or spoofed remote melee and old melee hit routes (0.7325ms)
✔ client presents only a validated host result (0.4033ms)
✔ host requires an active free-handed mallet user for remote damage (0.3548ms)
✔ guardian accepts a bounded mallet-head edge contact during recovery (0.3966ms)
✔ host ledger refuses a swing when a packet falsely claims empty hands (0.18ms)
✔ one host swing can connect when a moving target enters the active window (0.2437ms)
✔ an empty active window ends with exactly one whoosh (0.1359ms)
✔ a defeating strike preserves the host result flag through the client (0.1184ms)
✔ switching tools cancels an unresolved contact without late feedback (0.2396ms)
✔ melee results play distinct, restrained sounds through the audio event listener (1.0092ms)
✔ melee contact emits a brief world cue while an air swing emits none (5.2998ms)
✔ each peer gets one accepted result for each increasing swing ID (0.9426ms)
✔ a rejected fast swing cannot be replayed when the cadence gap has passed (0.1876ms)
✔ inactive swings are consumed so they cannot be replayed after recovery (0.0912ms)
✔ invalid IDs and clocks never enter the replay ledger (0.2608ms)
✔ departures and host migration clear only the intended replay state (0.1612ms)
✔ melee origin must stay near the actor eye, including vertical offset (0.1413ms)
✔ reach ends at the visible surface, not the enemy centre (0.7407ms)
✔ a close or inside target and one on a slope can still be struck (0.1812ms)
✔ the bounded horizontal arc can catch a side surface but not a distant flank (0.0792ms)
✔ the first reachable surface wins one swing, using current contact positions (0.0965ms)
✔ polygon Mimic has the same rooted split-shell anatomy and readable poses (7.3641ms)
✔ block Mimic has the same rooted split-shell anatomy and readable poses (6.741ms)
✔ A/B anatomy fits the same hitbox scale while block detail stays batched (7.8001ms)
✔ idle hands rest near the hips while weight shifts above planted boots (5.01ms)
✔ each walking swing lifts its own boot while the other stays planted (2.958ms)
✔ torso and head briefly lag a turn and settle without changing down pose height (1.6566ms)
✔ solo player recovers after a short down and keeps unsecured haul (2.2302ms)
✔ a second solo down evacuates and forfeits unsecured haul (0.1854ms)
✔ co-op revive requires continuous progress and avoids loss (0.155ms)
✔ co-op bleedout evacuates after 15 seconds and loses haul once (0.1596ms)
✔ evacuation loses unsecured haul once and checkpoint restores health (0.2025ms)
✔ geometry rescue does not cause health or haul loss and cannot bypass downed (0.1462ms)
✔ ragdoll recovery event cannot leave a downed player active for a frame (0.1076ms)
✔ client ignores local damage but accepts explicit host attack and newer snapshots (0.8224ms)
✔ the visible objective follows cutting, falling and extraction after King Vine (0.8509ms)
WebSocket server error: Port is already in use
✔ static prop merge retains authored voxel colors and placement (2.2635ms)
WebSocket server error: Port is already in use
✔ softened structural box keeps its cuboid footprint and collider (7.5886ms)
✔ hidden cylinder core keeps exact physics without a coincident render cap (0.2802ms)
✔ capture view moves out of the jaw without changing gaze or player position (1.333ms)
✔ capture view leaves a clear view alone and handles a centered bite (0.1468ms)
✔ front and side bites keep the lens outside the authored voxel jaw (44.0639ms)
WebSocket server error: Port is already in use
✔ every harvestable Sunpatch species has connected near and far voxel geometry (112.5832ms)
✔ world batches use voxel geometry for every species while preserving instance transforms (7.1953ms)
✔ voxel orchard tint uses the existing ground mesh and preserves collision geometry (238.2312ms)
✔ voxel dressing shapes are batched exposed-face geometry with matching wind attributes (14.3828ms)
✔ voxel route preserves seeded dressing and converts the shop approach (101.8083ms)
WebSocket server error: Port is already in use
✔ voxel gull keeps its animated pivots while giving body, face, and wings joined voxel silhouettes (22.9762ms)
✔ non-voxel mode preserves the original gull artwork (6.3054ms)
WebSocket server error: Port is already in use
✔ gum and spike shrubs have connected colored voxel surfaces with unchanged gameplay nodes (62.0693ms)
✔ voxel King Melon stays inside the legendary collider art envelope (60.2339ms)
✔ voxel rind is one connected colored surface with broad stripe contrast (57.7704ms)
✔ voxel mode selects its own geometry while baseline keeps the original rind (64.9792ms)
✔ King Vine has a grounded, broad, connected guardian silhouette (39.502ms)
✔ sweep arm reaches the existing attack lane as one lateral paddle (13.7201ms)
✔ the exposed core stays centered on the authoritative recovery hit (2.7075ms)
✔ a hinged protective leaf covers the core until recovery (1.8403ms)
✔ flying seed is a compact pointed pod centered on its projectile state (2.8722ms)
✔ one connected braided stem can reach the hanging melon at different heights (12.3678ms)
✔ voxel King Vine telegraphs and sweeps laterally before exposing its stem (67.2252ms)
✔ voxel King Vine seed originates at and follows the real projectile (27.4641ms)
✔ voxel King Vine persists subdued and a client snapshot starts settled (50.7553ms)
✔ voxel holding vine uses its real tube radius and has hard, readable bands (3.371ms)
✔ only world-to-legendary holding vines get the voxel art and cuts remove their mesh (1.1503ms)
✔ extraction border geometry has gaps and stays inside the original pad (1.0011ms)
✔ border follows pad phase visibility and its resources are released on disposal (1.8743ms)
✔ detailed upper and lower rind keep the hinged Mimic scale with finer stepped surfaces (20.4043ms)
✔ shell cut has distinct rind, rib, flesh, and throat roles for an open mouth (7.277ms)
✔ throat, teeth, stem, and eyes align with the current split-shell landmarks (3.2813ms)
✔ warning eyes seat into the upper rind instead of floating ahead of it (15.2749ms)
✔ root pieces retain the animated segment and planted foot scale with shaped surfaces (1.8447ms)
✔ each orchard habit keeps foliage near low saved fruit without bloating the batched mesh (377.0896ms)
WebSocket server error: Port is already in use
✔ voxel pilot uses the same fruit-tree kit in orchard, hill farm and cave orchard (197.0495ms)
✔ baseline mode keeps the orchard tree on its existing geometry path (4.3279ms)
✔ hill and cave fruit trees retain seeded gameplay nodes and RNG across art modes (53.0456ms)
✔ fruit pilot swaps only the ordinary species within existing instanced batches (40.1797ms)
✔ small voxel coconuts use a connected, restrained near mesh (0.1695ms)
✔ distant coconuts leave the near batch while aimed coconuts regain detail (2.1051ms)
✔ distant ordinary fruit use one cheaper batch per species and retain instance effects (2.0927ms)
✔ first-island route converts melon vines in Old Orchard and Hill Farm (7.6392ms)
✔ voxel pilot keeps collider-bearing approach bananas and omits only the colliderless puff bush (0.2208ms)
✔ hidden colliderless puff consumes the usual RNG while voxel banana retains its trunk collider (14.4064ms)
WebSocket server error: Port is already in use
✔ voxel mode gives route palms a curved trunk and broad crown without moving coconuts or collision (32.3882ms)
✔ palm fronds read as broad overhead crowns without hanging comb tips (36.5178ms)
✔ palm variants have distinct sheltered and cascading crown silhouettes (4.9572ms)
✔ palm trunk tapers through the swept mid-height cross-section (0.8349ms)
✔ palm frond fans leave readable gaps around the middle canopy (5.3564ms)
WebSocket server error: Port is already in use
✔ scenery boulder keeps a connected stepped outline on a coarse grid (8.6605ms)
✔ scenery boulder can change its silhouette without changing the original ball collider (2.3431ms)
✔ voxel Snapjaw base and both leaf jaws are connected, visible-scale surfaces (51.9707ms)
✔ voxel-only poses open for recovery, react to a hit, then remain wilted after defeat (38.9615ms)
✔ a visual created from a defeated snapshot starts settled; polygon baseline still vanishes (42.0507ms)
✔ exposed seed is saturated amber against ivory fangs (2.5142ms)
✔ recovery reveals a recessed seed with restrained light and size (27.5329ms)
✔ Spitter hill dressing uses voxel batches while retaining seeded clearances (106.2796ms)
✔ all Boulder Plum nests get voxel art with identical sockets and collider (14.7573ms)
✔ rooted Spitter base is one planted stalk at encounter scale (17.992ms)
✔ pressure bulb sits behind the forward launching aperture (5.5772ms)
✔ lateral leaves add a clear silhouette while pod stays within hit tolerance (8.5635ms)
✔ voxel Spitter visibly braces, fires, relaxes, and reacts to a hit (34.7757ms)
✔ voxel Spitter remains wilted after defeat, including a loaded snapshot (27.6527ms)
✔ voxel seed pod visual follows the authoritative projectile position (1.2046ms)
WebSocket server error: Port is already in use
✔ voxel ferry hull is one hollow, seat-sized silhouette (5.1736ms)
✔ voxel route carpentry keeps playable landmark and collider positions (479.5452ms)
✔ worker reads as one connected voxel body at the established character scale (8.6894ms)
✔ orchard proof is a compact batched terrain patch with attached voxel trees (18.0128ms)
WebSocket server error: Port is already in use
✔ voxel mallet keeps its striking head above a grippable shaft in the approved viewmodel envelope (15.5978ms)
✔ voxel Air Cannon fits two hand grips and keeps the forward bore open (22.9412ms)
✔ normal launch uses the finished voxel direction with an explicit baseline diagnostic (0.7201ms)
✔ Mimic comparison keeps its established A/B presentation (0.1268ms)
WebSocket server error: Port is already in use
✔ voxel reel rim is a single coarse loop in the existing diameter (3.8638ms)
✔ voxel reel drum is one solid coarse core under the original cylinder collider (2.7217ms)
✔ voxel worksite restyle preserves all three signs and the solid route footprint (58.7392ms)
✔ worker GLB has a single skinned connected-body object and stable bone/material contract (35.8977ms)
✔ each tool/carry glove exports as one connected object with merge-ready attributes (2.9713ms)
✔ connected tool gloves clone and transform without mutating shared source (53.3979ms)
✔ all existing tool IDs assemble with authored gloves and dispose their geometry (29.0814ms)
✔ left and right carry gloves have independent cupped geometry (0.9017ms)
✔ two-bone target reaches ordinary wrist and ankle targets with a stable pole (0.6446ms)
✔ two-bone target clamps too-far and folded goals without NaNs or pole flips (0.1491ms)
✔ corrupt worker data leaves a visible diagnostic fallback (20.9605ms)
✔ parseable worker data missing a required bone rejects before posing (22.8617ms)
✔ loaded worker clones share geometry but own palette materials and release them (20.128ms)
✔ active gait bends elbows and knees as well as shoulders and hips (4.4896ms)
✔ tilted and crossed ragdoll targets leave every bone transform finite (4.4593ms)
ℹ tests 189
ℹ suites 0
ℹ pass 189
ℹ fail 0
ℹ cancelled 0
ℹ skipped 0
ℹ todo 0
ℹ duration_ms 7079.6784
